Zzzzz~
Zoro~
zirexul~
Zippy~
zeus~
Zero~
Zensekai~
Zen~
Zelos~
Zechs~
zarkonion~
zarbon~
Yyyeeetttiii~
yusuke~
you~
yamcha~
xell~
xanus~
xander~
Wraith~
worf~
wing~
Willow~
white~
wetback~
Weezy~
Weakzor~
Warshadobi~
warren~
wadek~
visitor~
visit~
virus~
viper~
vinegar~
vile~
Video~
victim->name~
Vex~
venom~
vegita~
vegetto~
vegeto~
vale~
vagina~
uub~
Urmum~
Unsilence~
Unknown~
Undtoromeso~
ultima~
ukog~
Ujean~
Uhawwwokwww~
ubuu~
Typho~
twooofive~
turlis~
turles~
trunks~
trump~
Trinity~
towley~
Titan~
tien*~
tien~
thrust~
thorn~
Thoran~
Thor~
thirteen~
the~
Testement~
test~
terror~
Teddy~
Taze~
tasgu~
tapion~
tape~
taint~
taco~
Syder~
supreme~
Suffering~
strider~
steve~
Steel~
steak~
Starting~
stalin*~
Ssx~
Splinter~
Spider~
spick~
spic~
Spawn~
Sparta~
Spades~
soul~
Sorrow~
soneone~
son~
someone~
snowglobe~
Snoop~
sniper~
Snew~
snake~
Smokey~
Smaug~
slut~
Skye~
Sin~
Simon~
silverback~
Silver~
siluna~
Silence~
Silborn~
silber~
sigma~
shytzu~
shyrok~
Shiza~
shibbmyster~
shibalan~
shenlo~
shen~
Shady~
shade~
seventeen~
Seven~
serpent~
Sephiroth~
Sentinent~
self~
scubasteve~
Screamer~
scorpion~
Scar~
satan~
satag~
Sasauge~
sandnigger~
sancho~
Sammy~
Samm~
Sam~
Sakurarouge~
saiyaman~
Saian~
saddam~
roshi~
ronan~
Rocky~
rock~
Rip~
riot~
rimridder~
right*~
Retseam~
remron~
Reltih~
Red~
recoome~
Reaper~
ratix~
rat~
Raptor~
Random~
Rally~
Ragnorak~
Ragnarok~
Rage~
radish~
ra~
qwerty~
quit~
qrsu~
pwn~
purunga~
puma~
public~
puar~
prototype~
private~
poseidon~
porunga~
popo~
Pool~
Pilot~
pikon~
pikkon~
picollo~
piccon~
phuck~
Pharoh~
personality~
perfect~
Penguin~
Pegasus~
peerlees~
Patrick~
parker~
Parcell~
pan~
ozma~
osiris~
osama~
Orca~
oozaru~
oolong~
Omega~
olibu~
Ocean~
nubie~
noobie~
noob~
none~
Nomad~
noise~
Nny~
Nilsaisux~
Nilsaishot~
Nilsaii~
Nilm~
Nigr~
Niggr~
nigger~
Niggam~
Niggah~
Niggababe~
nigga*~
Nigga~
Niger~
Nexes~
newbie~
newb~
Neutron~
Nemesis~
negro~
Nazi~
naraku~
narako~
nappa~
name~
nail~
n00bie~
n00b~
Mythalantos~
Mycole~
multani~
mrsatan~
Moose~
Mom~
Mitosis~
Mistify~
Mike~
Michael~
metzen~
Metro~
meiman~
Megaman~
Mechaguo~
Mcgee~
Mcdohl~
masanori~
Mars~
Manticore~
majunior~
maelstorm~
lute~
luster~
lunch~
Lucifer~
Lovng~
Loveunilsai~
Love~
Loser~
Lone~
Loki~
loail~
Lithium~
Linkin~
Link~
Lilreb~
lilith~
Levex~
lesbian~
legend~
legato~
Lazurus~
launch~
larry~
Lance~
Lalatest~
kylie~
Kukluxklan~
Ku~
krillin~
krillen~
krilin~
Koro~
Korn~
korin~
koola~
kool~
koan~
Knives~
Kman~
Klan~
kkk~
Kite~
kiosk~
kinky~
Kinasi~
Killamike~
kill~
Kili~
Kikidar~
kike~
kid~
Khoren~
kenshi~
Kemikals~
kellen~
kel~
Kccamp~
katoshi~
Katana~
katan~
Karri~
karna~
karn*~
karma~
Karisma~
kao~
Kamiccolo~
kamehameha~
kame~
kakorotto~
kakorot~
kakkarot~
kakarot~
kakar~
kaio~
kacorot~
kabito~
kabeto~
Kabbage~
Jynxs~
Jubilation~
John~
Jezus~
jewstew~
jewish~
Jewel~
jew~
jeice~
janemba~
janem~
Jameso~
James~
jakuta~
jaiger~
jagr~
jafar~
Jacob~
irwin~
immy~
immortal~
imm~
Icy~
ick~
Iamajewish~
hussein~
Huricane~
hundred~
Hoolee~
homo~
hole~
Hiyoto~
hitler~
Hexx~
hercule~
hen~
Heavensflame~
Healsed~
Haze~
hawk~
Haven~
hate~
harry~
harano~
Hammers~
haiger~
Hahahaha~
guru~
guok~
guava~
Guardian~
Grudge~
greaseball~
Goutan~
gouk~
gotin~
gook~
gonorrhea~
gold~
goku~
Gojoe~
gohan~
gogita~
gogetta~
gogeta~
god~
Gnarly~
ginyu~
Ghost~
Ghetti~
gero~
german~
gay~
Gauge~
gatsu~
Gary~
ganem~
gaiger~
gai~
funtye~
froug~
Frootloop~
Frog~
frieza~
freezer~
freeza~
Fraust~
Forge~
Forever~
Flux~
flee~
Flare~
fisheye~
Fez~
fenrir~
Fawksaiyr~
Fawkgooku~
fashbinder~
fash~
Farmer~
Farker~
Falcon~
falco~
Faith~
Failings~
faiger~
faggot~
Expanz~
Exile~
Excel~
evron~
evolution~
ether~
eraser~
enkarn~
enforcer~
elf~
eighteen~
Eggrasher~
Ebola~
eaiger~
Dynamix~
dummy~
drums~
Draymen~
dragon~
Doom~
Dominator~
dog~
Doburai~
dende~
demron~
Demos~
demon~
demandred~
Delux~
delta~
Deeds~
Deathraider~
death~
dean~
Dbcf~
dark~
Dan~
damion~
dakkon~
daiger~
dago~
dabura~
cyber~
Crystal~
criminal~
Corey~
Corems~
Cope~
Comet~
coder~
Cocoe~
Clepto~
cigma~
chink~
chilla~
chichi~
Chance~
cell~
carnage~
Carlj~
calm~
Caiman~
caiger~
byte~
buu~
burter~
Bum~
bulma~
builder~
Buddee~
Buck~
broly~
brolly~
brolli~
broli~
bra~
Boo~
Bong~
Bobbyparcell~
Bob~
Blue~
Blood~
blizzard~
bleed~
blaze~
Blahh~
Blade~
Blacky~
blackhawk~
black~
bit~
Biotest~
bigmomma~
bigdaddy~
bibidi~
berg~
benny~
beastboy~
beam~
Barracuda~
Baron~
bardock~
Bank~
Bane~
Bala~
baiger~
babidi~
Axel~
auto~
atomic~
Astatine~
Asstatine~
Ass~
Asdfg~
Ark~
aracnid~
apocalypse~
anubis~
Antihero~
Angel~
android~
anbukakashi*~
anbu*~
Anatomically~
anarchy~
amrak~
amakusa~
alutel~
alphonse~
Alpha~
allure~
all~
albel~
albedo~
Aeon~
adolf~
admin~
Achiles~
ace~
Aaa~
*zarbon~
*xell~
*warrior~
*vishnu~
*viola~
*vegeta~
*vagina~
*vagin~
*ugly~
*two~
*twenty~
*twelve~
*trunks~
*three~
*thirty~
*thirteen~
*ten~
*tasgu~
*tapion~
*taint~
*super~
*suck~
*ssj~
*spongebob~
*sniper~
*slut~
*sixty~
*silver~
*shiva~
*shit~
*shin~
*shibby~
*shenron~
*shenlong~
*shen~
*sharpner~
*sharpener~
*shadow~
*sex~
*seventy~
*seventeen~
*sephi~
*saiyan~
*robot~
*riki~
*recoome~
*raditz~
*queer~
*quan~
*pussy~
*piss~
*pilaf~
*piccolo~
*person~
*penis~
*nut~
*ninteen~
*ninety~
*nine~
*night~
*nigger~
*namek~
*melora~
*meiman~
*master~
*maru~
*majin~
*maelthra~
*lucky~
*lolo~
*kylie~
*kuririn~
*krillin~
*koronto~
*koji~
*king~
*kabito~
*kabeto~
*jr~
*jita~
*jesus~
*jehova~
*janemba~
*janem~
*issy~
*islvin~
*imp~
*imm*~
*igma~
*ice~
*hole~
*hitler~
*hell~
*harry~
*goten~
*gotan~
*gok~
*gohan~
*goddess~
*god~
*gay~
*garlic~
*fuck~
*froug~
*frost~
*frieza~
*fourty~
*fourteen~
*four~
*five~
*fire~
*fight~
*fifty~
*fifteen~
*ferrin~
*fasha~
*fag~
*etto~
*ethereal~
*enks~
*ellen~
*eleven~
*elarith~
*eighty~
*eighteen~
*eight~
*dumb~
*droid~
*dragon~
*dog~
*dick~
*dendicollo~
*dbz~
*dark~
*dabura~
*crap~
*corrupt~
*coola~
*cool~
*cold~
*cock~
*cloud~
*christ~
*chill~
*chibi~
*catachan~
*buu~
*butt~
*buddha~
*bojack~
*blizz~
*bitch~
*ball~
*atsu~
*ass~
*arma~
*anus~
*anbu~
*allah~
*aiger~
*adolf~
(null)~
$~
